Archive member included because of file (symbol)

../libopencm3/lib\libopencm3_lpc43xx_m0s.a(vector.o)
                              (reset_handler)

Allocating common symbols
Common symbol       size              file

hard_fault_stack_pt
                    0x4               fault_handler.o
__gnu_lto_v1        0x1               airspy_m0s.o

Discarded input sections

 .text          0x00000000        0x0 airspy_m0s.o
 .data          0x00000000        0x0 airspy_m0s.o
 .bss           0x00000000        0x0 airspy_m0s.o
 .gnu.lto_.jmpfuncs.f192f8cd
                0x00000000       0x15 airspy_m0s.o
 .gnu.lto_.inline.f192f8cd
                0x00000000       0x24 airspy_m0s.o
 .gnu.lto_.pureconst.f192f8cd
                0x00000000       0x15 airspy_m0s.o
 .gnu.lto_main.f192f8cd
                0x00000000       0xa4 airspy_m0s.o
 .gnu.lto_.cgraph.f192f8cd
                0x00000000       0x22 airspy_m0s.o
 .gnu.lto_.vars.f192f8cd
                0x00000000       0x12 airspy_m0s.o
 .gnu.lto_.refs.f192f8cd
                0x00000000       0x13 airspy_m0s.o
 .gnu.lto_.statics.f192f8cd
                0x00000000       0x14 airspy_m0s.o
 .gnu.lto_.decls.f192f8cd
                0x00000000       0xa8 airspy_m0s.o
 .gnu.lto_.symtab.f192f8cd
                0x00000000       0x14 airspy_m0s.o
 .gnu.lto_.opts
                0x00000000       0x52 airspy_m0s.o
 COMMON         0x00000000        0x1 airspy_m0s.o
 .text          0x00000000        0x0 fault_handler.o
 .data          0x00000000        0x0 fault_handler.o
 .bss           0x00000000        0x0 fault_handler.o
 .gnu.lto_.jmpfuncs.f19283b6
                0x00000000       0x1e fault_handler.o
 .gnu.lto_.inline.f19283b6
                0x00000000       0x3f fault_handler.o
 .gnu.lto_.pureconst.f19283b6
                0x00000000       0x1e fault_handler.o
 .gnu.lto_hard_fault_handler.f19283b6
                0x00000000      0x107 fault_handler.o
 .gnu.lto_hard_fault_handler_c.f19283b6
                0x00000000      0x101 fault_handler.o
 .gnu.lto_mem_manage_handler.f19283b6
                0x00000000       0x88 fault_handler.o
 .gnu.lto_bus_fault_handler.f19283b6
                0x00000000       0x88 fault_handler.o
 .gnu.lto_usage_fault_handler.f19283b6
                0x00000000       0x88 fault_handler.o
 .gnu.lto_.cgraph.f19283b6
                0x00000000       0x3c fault_handler.o
 .gnu.lto_.vars.f19283b6
                0x00000000       0x19 fault_handler.o
 .gnu.lto_.refs.f19283b6
                0x00000000       0x17 fault_handler.o
 .gnu.lto_.statics.f19283b6
                0x00000000       0x14 fault_handler.o
 .gnu.lto_.decls.f19283b6
                0x00000000      0x3cb fault_handler.o
 .gnu.lto_.symtab.f19283b6
                0x00000000       0xcf fault_handler.o
 .gnu.lto_.opts
                0x00000000       0x52 fault_handler.o
 .text.mem_manage_handler
                0x00000000        0x2 fault_handler.o
 .text.bus_fault_handler
                0x00000000        0x2 fault_handler.o
 .text.usage_fault_handler
                0x00000000        0x2 fault_handler.o
 .text          0x00000000        0x0 signal_mcu.o
 .data          0x00000000        0x0 signal_mcu.o
 .bss           0x00000000        0x0 signal_mcu.o
 .gnu.lto_.inline.f192fb53
                0x00000000       0x12 signal_mcu.o
 .gnu.lto_.pureconst.f192fb53
                0x00000000       0x12 signal_mcu.o
 .gnu.lto_.cgraph.f192fb53
                0x00000000       0x13 signal_mcu.o
 .gnu.lto_.vars.f192fb53
                0x00000000       0x12 signal_mcu.o
 .gnu.lto_.refs.f192fb53
                0x00000000       0x13 signal_mcu.o
 .gnu.lto_.statics.f192fb53
                0x00000000       0x14 signal_mcu.o
 .gnu.lto_.decls.f192fb53
                0x00000000       0x1a signal_mcu.o
 .gnu.lto_.symtab.f192fb53
                0x00000000        0x0 signal_mcu.o
 .gnu.lto_.opts
                0x00000000       0x52 signal_mcu.o
 .debug_line    0x00000000        0x0 signal_mcu.o
 .comment       0x00000000       0x71 signal_mcu.o
 .ARM.attributes
                0x00000000       0x31 signal_mcu.o
 .group         0x00000000        0x8 ../libopencm3/lib\libopencm3_lpc43xx_m0s.a(vector.o)
 .group         0x00000000        0x8 ../libopencm3/lib\libopencm3_lpc43xx_m0s.a(vector.o)
 .group         0x00000000        0x8 ../libopencm3/lib\libopencm3_lpc43xx_m0s.a(vector.o)
 .group         0x00000000        0x8 ../libopencm3/lib\libopencm3_lpc43xx_m0s.a(vector.o)
 .group         0x00000000        0x8 ../libopencm3/lib\libopencm3_lpc43xx_m0s.a(vector.o)
 .group         0x00000000        0x8 ../libopencm3/lib\libopencm3_lpc43xx_m0s.a(vector.o)
 .group         0x00000000        0x8 ../libopencm3/lib\libopencm3_lpc43xx_m0s.a(vector.o)
 .group         0x00000000        0x8 ../libopencm3/lib\libopencm3_lpc43xx_m0s.a(vector.o)
 .group         0x00000000        0x8 ../libopencm3/lib\libopencm3_lpc43xx_m0s.a(vector.o)
 .group         0x00000000        0x8 ../libopencm3/lib\libopencm3_lpc43xx_m0s.a(vector.o)
 .group         0x00000000        0x8 ../libopencm3/lib\libopencm3_lpc43xx_m0s.a(vector.o)
 .text          0x00000000        0x0 ../libopencm3/lib\libopencm3_lpc43xx_m0s.a(vector.o)
 .data          0x00000000        0x0 ../libopencm3/lib\libopencm3_lpc43xx_m0s.a(vector.o)
 .bss           0x00000000        0x0 ../libopencm3/lib\libopencm3_lpc43xx_m0s.a(vector.o)

Memory Configuration

Name             Origin             Length             Attributes
rom              0x00000000         0x00100000         xr
ram_local1       0x10000000         0x00020000         xrw
ram_local2       0x10080000         0x00012000         xrw
ram_local_m0sub  0x18000000         0x00004800         xrw
ram_ahb1_m0_stack 0x20000000         0x00001000         xrw
ram_ahb1_spare   0x20001000         0x00000c00         xrw
ram_ahb1_m4_share 0x20001c00         0x00000400         xrw
ram_ahb1_adchs   0x20002000         0x00001000         xrw
ram_ahb1_m0_share 0x20003000         0x00001000         xrw
ram_ahb2         0x2000c000         0x00004000         xrw
*default*        0x00000000         0xffffffff

Linker script and memory map

LOAD c:/program files (x86)/gnu tools arm embedded/4.7 2013q3/bin/../lib/gcc/arm-none-eabi/4.7.4/../../../../arm-none-eabi/lib/armv6-m\libc.a
LOAD c:/program files (x86)/gnu tools arm embedded/4.7 2013q3/bin/../lib/gcc/arm-none-eabi/4.7.4/../../../../arm-none-eabi/lib/armv6-m\libnosys.a
LOAD airspy_m0s.o
LOAD fault_handler.o
LOAD signal_mcu.o
LOAD ../libopencm3/lib\libopencm3_lpc43xx_m0s.a
START GROUP
LOAD c:/program files (x86)/gnu tools arm embedded/4.7 2013q3/bin/../lib/gcc/arm-none-eabi/4.7.4/armv6-m\libgcc.a
LOAD c:/program files (x86)/gnu tools arm embedded/4.7 2013q3/bin/../lib/gcc/arm-none-eabi/4.7.4/../../../../arm-none-eabi/lib/armv6-m\libc.a
END GROUP
                0x20001c00                cm4_data_share = ORIGIN (ram_ahb1_m4_share)
                0x20002000                adchs_data = ORIGIN (ram_ahb1_adchs)
                0x20003000                cm0_data_share = ORIGIN (ram_ahb1_m0_share)
                0x2000c000                cm0_exec_baseaddr = ORIGIN (ram_ahb2)
                0x18000000                cm0s_exec_baseaddr = ORIGIN (ram_local_m0sub)
                0x20001000                conf_data_share = ORIGIN (ram_ahb1_spare)
                0x00000c00                conf_data_share_size = 0xc00
                0x18000000                . = ORIGIN (ram_local_m0sub)

.text           0x18000000      0x254
                0x18000000                . = ALIGN (0x400)
 *(.vectors)
 .vectors       0x18000000       0xc0 ../libopencm3/lib\libopencm3_lpc43xx_m0s.a(vector.o)
                0x18000000                vector_table
 *(.text*)
 .text.startup.main
                0x180000c0        0x4 airspy_m0s.o
                0x180000c0                main
 .text.hard_fault_handler
                0x180000c4       0x14 fault_handler.o
                0x180000c4                hard_fault_handler
 .text.hard_fault_handler_c
                0x180000d8        0xc fault_handler.o
                0x180000d8                hard_fault_handler_c
 .text.blocking_handler
                0x180000e4        0x4 ../libopencm3/lib\libopencm3_lpc43xx_m0s.a(vector.o)
                0x180000e4                adc0_isr
                0x180000e4                spi_isr
                0x180000e4                usart2_or_c_can1_isr
                0x180000e4                usart3_isr
                0x180000e4                gint1_isr
                0x180000e4                sgpio_pos_isr
                0x180000e4                timer1_isr
                0x180000e4                i2c0_isr
                0x180000e4                usart0_isr
                0x180000e4                blocking_handler
                0x180000e4                sgpio_shift_isr
                0x180000e4                i2c1_isr
                0x180000e4                ritimer_isr
                0x180000e4                dac_isr
                0x180000e4                m0app_isr
                0x180000e4                dma_isr
                0x180000e4                c_can0_isr
                0x180000e4                eventrouter_isr
                0x180000e4                sgpio_match_isr
                0x180000e4                usb0_isr
                0x180000e4                spifi_or_adchs_isr
                0x180000e4                uart1_isr
                0x180000e4                ssp0_or_ssp1_isr
                0x180000e4                pin_int5_isr
                0x180000e4                i2s0_or_i2s1_or_qei_isr
                0x180000e4                timer2_isr
                0x180000e4                m4core_isr
                0x180000e4                sct_isr
                0x180000e4                adc1_isr
                0x180000e4                mcpwm_isr
                0x180000e4                sgpio_input_isr
                0x180000e4                usb1_isr
 .text.null_handler
                0x180000e8        0x4 ../libopencm3/lib\libopencm3_lpc43xx_m0s.a(vector.o)
                0x180000e8                sv_call_handler
                0x180000e8                pend_sv_handler
                0x180000e8                sys_tick_handler
                0x180000e8                nmi_handler
                0x180000e8                null_handler
 .text.reset_handler
                0x180000ec      0x168 ../libopencm3/lib\libopencm3_lpc43xx_m0s.a(vector.o)
                0x180000ec                reset_handler
                0x18000254                . = ALIGN (0x4)
 *(.rodata*)
                0x18000254                . = ALIGN (0x4)

.glue_7         0x18000254        0x0
 .glue_7        0x00000000        0x0 linker stubs

.glue_7t        0x18000254        0x0
 .glue_7t       0x00000000        0x0 linker stubs

.vfp11_veneer   0x18000254        0x0
 .vfp11_veneer  0x00000000        0x0 linker stubs

.v4_bx          0x18000254        0x0
 .v4_bx         0x00000000        0x0 linker stubs

.iplt           0x18000254        0x0
 .iplt          0x00000000        0x0 airspy_m0s.o

.rel.dyn        0x18000254        0x0
 .rel.iplt      0x00000000        0x0 airspy_m0s.o

.preinit_array  0x18000254        0x0
                0x18000254                . = ALIGN (0x4)
                0x18000254                __preinit_array_start = .
 *(.preinit_array)
                0x18000254                __preinit_array_end = .

.init_array     0x18000254        0x0
                0x18000254                . = ALIGN (0x4)
                0x18000254                __init_array_start = .
 *(SORT(.init_array.*))
 *(.init_array)
                0x18000254                __init_array_end = .

.fini_array     0x18000254        0x0
                0x18000254                . = ALIGN (0x4)
                0x18000254                __fini_array_start = .
 *(.fini_array)
 *(SORT(.fini_array.*))
                0x18000254                __fini_array_end = .

.ARM.extab
 *(.ARM.extab*)
 *(.ARM.extab*)

.ARM.exidx      0x18000254        0x0
                0x18000254                __exidx_start = .
 *(.ARM.exidx*)
                0x18000254                __exidx_end = .
                0x18000254                . = ALIGN (0x4)
                0x18000254                _etext = .
                0x00000000                _etext_ram = 0x0
                0x00000000                _etext_rom = 0x0
                0x18000000                . = ORIGIN (ram_local_m0sub)

.data           0x18000254        0x0
                0x18000254                _data = .
 *(.data*)
                0x18000254                . = ALIGN (0x4)
                0x18000254                _data_loadaddr = LOADADDR (.data)
                0x18000254                _data = .
                0x18000254                _edata = .

.igot.plt       0x18000254        0x0
 .igot.plt      0x00000000        0x0 airspy_m0s.o

.bss            0x18000254        0x4
                0x18000254                _bss = .
 *(.bss_aligned*)
 *(.bss*)
 *(COMMON)
 COMMON         0x18000254        0x4 fault_handler.o
                0x18000254                hard_fault_stack_pt
                0x18000258                . = ALIGN (0x4)
                0x18000258                _ebss = .

/DISCARD/
 *(.eh_frame)
                0x18000258                . = ALIGN (0x4)
                0x18000258                end = .
                0x180047e0                __StackTop = ((ORIGIN (ram_local_m0sub) + 0x4800) - 0x20)
                0x180047e0                PROVIDE (_stack, __StackTop)
OUTPUT(airspy_m0s.elf elf32-littlearm)

.debug_info     0x00000000      0x6f1
 .debug_info    0x00000000       0x67 airspy_m0s.o
 .debug_info    0x00000067      0x3a5 fault_handler.o
 .debug_info    0x0000040c      0x2e5 ../libopencm3/lib\libopencm3_lpc43xx_m0s.a(vector.o)

.debug_abbrev   0x00000000      0x2a5
 .debug_abbrev  0x00000000       0x5b airspy_m0s.o
 .debug_abbrev  0x0000005b      0x113 fault_handler.o
 .debug_abbrev  0x0000016e      0x137 ../libopencm3/lib\libopencm3_lpc43xx_m0s.a(vector.o)

.debug_aranges  0x00000000       0x90
 .debug_aranges
                0x00000000       0x20 airspy_m0s.o
 .debug_aranges
                0x00000020       0x40 fault_handler.o
 .debug_aranges
                0x00000060       0x30 ../libopencm3/lib\libopencm3_lpc43xx_m0s.a(vector.o)

.debug_ranges   0x00000000       0x60
 .debug_ranges  0x00000000       0x10 airspy_m0s.o
 .debug_ranges  0x00000010       0x30 fault_handler.o
 .debug_ranges  0x00000040       0x20 ../libopencm3/lib\libopencm3_lpc43xx_m0s.a(vector.o)

.debug_line     0x00000000      0x5b8
 .debug_line    0x00000000       0x5f airspy_m0s.o
 .debug_line    0x0000005f      0x133 fault_handler.o
 .debug_line    0x00000192      0x426 ../libopencm3/lib\libopencm3_lpc43xx_m0s.a(vector.o)

.debug_str      0x00000000     0x3e3e
 .debug_str     0x00000000       0x84 airspy_m0s.o
                                 0x89 (size before relaxing)
 .debug_str     0x00000084      0x19f fault_handler.o
                                0x28f (size before relaxing)
 .debug_str     0x00000223     0x3c1b ../libopencm3/lib\libopencm3_lpc43xx_m0s.a(vector.o)
                               0x3d1a (size before relaxing)

.comment        0x00000000       0x70
 .comment       0x00000000       0x70 airspy_m0s.o
                                 0x71 (size before relaxing)
 .comment       0x00000000       0x71 fault_handler.o
 .comment       0x00000000       0x71 ../libopencm3/lib\libopencm3_lpc43xx_m0s.a(vector.o)

.ARM.attributes
                0x00000000       0x31
 .ARM.attributes
                0x00000000       0x31 airspy_m0s.o
 .ARM.attributes
                0x00000031       0x31 fault_handler.o
 .ARM.attributes
                0x00000062       0x31 ../libopencm3/lib\libopencm3_lpc43xx_m0s.a(vector.o)

.debug_frame    0x00000000       0xc0
 .debug_frame   0x00000000       0x20 airspy_m0s.o
 .debug_frame   0x00000020       0x60 fault_handler.o
 .debug_frame   0x00000080       0x40 ../libopencm3/lib\libopencm3_lpc43xx_m0s.a(vector.o)

.debug_loc      0x00000000       0x34
 .debug_loc     0x00000000       0x34 ../libopencm3/lib\libopencm3_lpc43xx_m0s.a(vector.o)

.debug_macro    0x00000000      0xe23
 .debug_macro   0x00000000       0xc8 ../libopencm3/lib\libopencm3_lpc43xx_m0s.a(vector.o)
 .debug_macro   0x000000c8      0x7de ../libopencm3/lib\libopencm3_lpc43xx_m0s.a(vector.o)
 .debug_macro   0x000008a6       0x3a ../libopencm3/lib\libopencm3_lpc43xx_m0s.a(vector.o)
 .debug_macro   0x000008e0       0x10 ../libopencm3/lib\libopencm3_lpc43xx_m0s.a(vector.o)
 .debug_macro   0x000008f0       0x2e ../libopencm3/lib\libopencm3_lpc43xx_m0s.a(vector.o)
 .debug_macro   0x0000091e       0xa2 ../libopencm3/lib\libopencm3_lpc43xx_m0s.a(vector.o)
 .debug_macro   0x000009c0      0x20e ../libopencm3/lib\libopencm3_lpc43xx_m0s.a(vector.o)
 .debug_macro   0x00000bce       0x22 ../libopencm3/lib\libopencm3_lpc43xx_m0s.a(vector.o)
 .debug_macro   0x00000bf0       0xfa ../libopencm3/lib\libopencm3_lpc43xx_m0s.a(vector.o)
 .debug_macro   0x00000cea       0x2e ../libopencm3/lib\libopencm3_lpc43xx_m0s.a(vector.o)
 .debug_macro   0x00000d18       0x47 ../libopencm3/lib\libopencm3_lpc43xx_m0s.a(vector.o)
 .debug_macro   0x00000d5f       0xc4 ../libopencm3/lib\libopencm3_lpc43xx_m0s.a(vector.o)
