Archive member included because of file (symbol)

../libopencm3/lib\libopencm3_lpc43xx_m0.a(scu.o)
                              airspy_core.o (scu_pinmux)
../libopencm3/lib\libopencm3_lpc43xx_m0.a(i2c.o)
                              airspy_m0.o (i2c0_init)
../libopencm3/lib\libopencm3_lpc43xx_m0.a(ssp.o)
                              w25q80bv.o (ssp_init)
../libopencm3/lib\libopencm3_lpc43xx_m0.a(vector.o)
                              (reset_handler)
../libopencm3/lib\libopencm3_lpc43xx_m0.a(nvic.o)
                              airspy_m0.o (nvic_enable_irq)
c:/program files (x86)/gnu tools arm embedded/4.7 2013q3/bin/../lib/gcc/arm-none-eabi/4.7.4/armv6-m\libgcc.a(_thumb1_case_uqi.o)
                              usb_standard_request.o (__gnu_thumb1_case_uqi)
c:/program files (x86)/gnu tools arm embedded/4.7 2013q3/bin/../lib/gcc/arm-none-eabi/4.7.4/armv6-m\libgcc.a(_udivsi3.o)
                              r820t.o (__aeabi_uidiv)
c:/program files (x86)/gnu tools arm embedded/4.7 2013q3/bin/../lib/gcc/arm-none-eabi/4.7.4/armv6-m\libgcc.a(_dvmd_tls.o)
                              c:/program files (x86)/gnu tools arm embedded/4.7 2013q3/bin/../lib/gcc/arm-none-eabi/4.7.4/armv6-m\libgcc.a(_udivsi3.o) (__aeabi_idiv0)
c:/program files (x86)/gnu tools arm embedded/4.7 2013q3/bin/../lib/gcc/arm-none-eabi/4.7.4/armv6-m\libgcc.a(_aeabi_ldivmod.o)
                              airspy_core.o (__aeabi_ldivmod)
c:/program files (x86)/gnu tools arm embedded/4.7 2013q3/bin/../lib/gcc/arm-none-eabi/4.7.4/armv6-m\libgcc.a(_muldi3.o)
                              airspy_core.o (__aeabi_lmul)
c:/program files (x86)/gnu tools arm embedded/4.7 2013q3/bin/../lib/gcc/arm-none-eabi/4.7.4/armv6-m\libgcc.a(bpabi.o)
                              c:/program files (x86)/gnu tools arm embedded/4.7 2013q3/bin/../lib/gcc/arm-none-eabi/4.7.4/armv6-m\libgcc.a(_aeabi_ldivmod.o) (__gnu_ldivmod_helper)
c:/program files (x86)/gnu tools arm embedded/4.7 2013q3/bin/../lib/gcc/arm-none-eabi/4.7.4/armv6-m\libgcc.a(_divdi3.o)
                              c:/program files (x86)/gnu tools arm embedded/4.7 2013q3/bin/../lib/gcc/arm-none-eabi/4.7.4/armv6-m\libgcc.a(bpabi.o) (__divdi3)
c:/program files (x86)/gnu tools arm embedded/4.7 2013q3/bin/../lib/gcc/arm-none-eabi/4.7.4/armv6-m\libgcc.a(_udivdi3.o)
                              c:/program files (x86)/gnu tools arm embedded/4.7 2013q3/bin/../lib/gcc/arm-none-eabi/4.7.4/armv6-m\libgcc.a(bpabi.o) (__udivdi3)
c:/program files (x86)/gnu tools arm embedded/4.7 2013q3/bin/../lib/gcc/arm-none-eabi/4.7.4/armv6-m\libgcc.a(_clzsi2.o)
                              c:/program files (x86)/gnu tools arm embedded/4.7 2013q3/bin/../lib/gcc/arm-none-eabi/4.7.4/armv6-m\libgcc.a(_divdi3.o) (__clzsi2)
c:/program files (x86)/gnu tools arm embedded/4.7 2013q3/bin/../lib/gcc/arm-none-eabi/4.7.4/../../../../arm-none-eabi/lib/armv6-m\libc.a(lib_a-memcpy.o)
                              si5351c.o (memcpy)
c:/program files (x86)/gnu tools arm embedded/4.7 2013q3/bin/../lib/gcc/arm-none-eabi/4.7.4/../../../../arm-none-eabi/lib/armv6-m\libc.a(lib_a-strcpy.o)
                              airspy_usb_req.o (strcpy)
c:/program files (x86)/gnu tools arm embedded/4.7 2013q3/bin/../lib/gcc/arm-none-eabi/4.7.4/../../../../arm-none-eabi/lib/armv6-m\libc.a(lib_a-strlen.o)
                              airspy_usb_req.o (strlen)

Allocating common symbols
Common symbol       size              file

usb_qh              0x300             usb.o
device_id           0x1               w25q80bv.o
set_sample_r_params
                    0x8               airspy_m0.o
vendor_request_handler
                    0x70              airspy_usb_req.o
hard_fault_stack_pt
                    0x4               fault_handler.o
r820t_read_data     0x20              r820t.o
set_freq_params     0x4               airspy_m0.o
__gnu_lto_v1        0x1               airspy_m0.o
spiflash_buffer     0x100             airspy_usb_req.o
USB_EpStatus        0x2               usb_standard_request.o
sample_rate_conf_no
                    0x1               airspy_usb_req.o
usb_endpoint_control_out_transfers
                    0x200             usb_endpoint.o

Discarded input sections

 .text          0x00000000        0x0 airspy_m0.o
 .data          0x00000000        0x0 airspy_m0.o
 .bss           0x00000000        0x0 airspy_m0.o
 .gnu.lto_.jmpfuncs.f192c55c
                0x00000000       0xba airspy_m0.o
 .gnu.lto_.inline.f192c55c
                0x00000000       0xbd airspy_m0.o
 .gnu.lto_.pureconst.f192c55c
                0x00000000       0x24 airspy_m0.o
 .gnu.lto_usb_configuration_changed.part.0.f192c55c
                0x00000000      0x128 airspy_m0.o
 .gnu.lto_usb_configuration_changed.f192c55c
                0x00000000      0x179 airspy_m0.o
 .gnu.lto_set_samplerate_m4.f192c55c
                0x00000000      0x1f2 airspy_m0.o
 .gnu.lto_set_packing_m4.f192c55c
                0x00000000      0x1ee airspy_m0.o
 .gnu.lto_ADCHS_start.f192c55c
[...]
Memory Configuration

Name             Origin             Length             Attributes
rom              0x00000000         0x00100000         xr
ram_local1       0x10000000         0x00020000         xrw
ram_local2       0x10080000         0x00012000         xrw
ram_local_m0sub  0x18000000         0x00004800         xrw
ram_ahb1_m0_stack 0x20000000         0x00001000         xrw
ram_ahb1_spare   0x20001000         0x00000c00         xrw
ram_ahb1_m4_share 0x20001c00         0x00000400         xrw
ram_ahb1_adchs   0x20002000         0x00001000         xrw
ram_ahb1_m0_share 0x20003000         0x00001000         xrw
ram_ahb2         0x2000c000         0x00004000         xrw
*default*        0x00000000         0xffffffff

Linker script and memory map

LOAD c:/program files (x86)/gnu tools arm embedded/4.7 2013q3/bin/../lib/gcc/arm-none-eabi/4.7.4/../../../../arm-none-eabi/lib/armv6-m\libc.a
LOAD c:/program files (x86)/gnu tools arm embedded/4.7 2013q3/bin/../lib/gcc/arm-none-eabi/4.7.4/../../../../arm-none-eabi/lib/armv6-m\libnosys.a
LOAD airspy_m0.o
LOAD airspy_rx.o
LOAD airspy_usb_req.o
LOAD usb_descriptor.o
LOAD usb_device.o
LOAD usb_endpoint.o
LOAD airspy_core.o
LOAD fault_handler.o
LOAD si5351c.o
LOAD r820t.o
LOAD w25q80bv.o
LOAD rom_iap.o
LOAD signal_mcu.o
LOAD usb.o
LOAD usb_queue.o
LOAD usb_request.o
LOAD usb_standard_request.o
LOAD ../libopencm3/lib\libopencm3_lpc43xx_m0.a
START GROUP
LOAD c:/program files (x86)/gnu tools arm embedded/4.7 2013q3/bin/../lib/gcc/arm-none-eabi/4.7.4/armv6-m\libgcc.a
LOAD c:/program files (x86)/gnu tools arm embedded/4.7 2013q3/bin/../lib/gcc/arm-none-eabi/4.7.4/../../../../arm-none-eabi/lib/armv6-m\libc.a
END GROUP
                0x20001c00                cm4_data_share = ORIGIN (ram_ahb1_m4_share)
                0x20002000                adchs_data = ORIGIN (ram_ahb1_adchs)
                0x20003000                cm0_data_share = ORIGIN (ram_ahb1_m0_share)
                0x2000c000                cm0_exec_baseaddr = ORIGIN (ram_ahb2)
                0x18000000                cm0s_exec_baseaddr = ORIGIN (ram_local_m0sub)
                0x20001000                conf_data_share = ORIGIN (ram_ahb1_spare)
                0x00000c00                conf_data_share_size = 0xc00
                0x2000c000                . = ORIGIN (ram_ahb2)

.text           0x2000c000     0x2c6c
                0x2000c000                . = ALIGN (0x400)
 *(.vectors)
 .vectors       0x2000c000       0xc0 ../libopencm3/lib\libopencm3_lpc43xx_m0.a(vector.o)
                0x2000c000                vector_table
 *(.text*)
 .text.usb_configuration_changed
                0x2000c0c0       0x14 airspy_m0.o
                0x2000c0c0                usb_configuration_changed
 .text.set_samplerate_m4
                0x2000c0d4       0x1c airspy_m0.o
                0x2000c0d4                set_samplerate_m4
 .text.set_packing_m4
                0x2000c0f0       0x1c airspy_m0.o
                0x2000c0f0                set_packing_m4
 .text.ADCHS_start
                0x2000c10c       0x90 airspy_m0.o
                0x2000c10c                ADCHS_start
 .text.ADCHS_stop
                0x2000c19c       0x3c airspy_m0.o
                0x2000c19c                ADCHS_stop
 .text.m4core_isr
                0x2000c1d8        0xc airspy_m0.o
                0x2000c1d8                m4core_isr
 .text.startup.main
                0x2000c1e4       0xe0 airspy_m0.o
                0x2000c1e4                main
 .text.set_receiver_mode
                0x2000c2c4       0x34 airspy_rx.o
                0x2000c2c4                set_receiver_mode
 .text.get_receiver_mode
                0x2000c2f8        0xc airspy_rx.o
                0x2000c2f8                get_receiver_mode
 .text.usb_vendor_request
                0x2000c304       0x24 airspy_usb_req.o
                0x2000c304                usb_vendor_request
 .text.usb_vendor_request_reset
                0x2000c328        0xe airspy_usb_req.o
                0x2000c328                usb_vendor_request_reset
 .text.usb_vendor_request_erase_sector_spiflash
                0x2000c336       0x2a airspy_usb_req.o
                0x2000c336                usb_vendor_request_erase_sector_spiflash
 .text.usb_vendor_request_gpiodir_write_command
                0x2000c360       0x44 airspy_usb_req.o
                0x2000c360                usb_vendor_request_gpiodir_write_command
 .text.usb_vendor_request_erase_spiflash
                0x2000c3a4       0x1c airspy_usb_req.o
                0x2000c3a4                usb_vendor_request_erase_spiflash
 .text.usb_vendor_request_get_samplerates_command
                0x2000c3c0       0x6c airspy_usb_req.o
                0x2000c3c0                usb_vendor_request_get_samplerates_command
 .text.usb_vendor_request_gpiodir_read_command
                0x2000c42c       0x4c airspy_usb_req.o
                0x2000c42c                usb_vendor_request_gpiodir_read_command
 .text.usb_vendor_request_ms_vendor_command
                0x2000c478       0x48 airspy_usb_req.o
                0x2000c478                usb_vendor_request_ms_vendor_command
 .text.usb_vendor_request_read_board_id
                0x2000c4c0       0x20 airspy_usb_req.o
                0x2000c4c0                usb_vendor_request_read_board_id
 .text.usb_vendor_request_set_rf_bias_command
                0x2000c4e0       0x22 airspy_usb_req.o
                0x2000c4e0                usb_vendor_request_set_rf_bias_command
 *fill*         0x2000c502        0x2 00
 .text.usb_vendor_request_set_mixer_agc
                0x2000c504       0x30 airspy_usb_req.o
                0x2000c504                usb_vendor_request_set_mixer_agc
 .text.usb_vendor_request_set_lna_agc
                0x2000c534       0x30 airspy_usb_req.o
                0x2000c534                usb_vendor_request_set_lna_agc
 .text.usb_vendor_request_set_vga_gain
                0x2000c564       0x30 airspy_usb_req.o
                0x2000c564                usb_vendor_request_set_vga_gain
 .text.usb_vendor_request_set_mixer_gain
                0x2000c594       0x30 airspy_usb_req.o
                0x2000c594                usb_vendor_request_set_mixer_gain
 .text.usb_vendor_request_set_lna_gain
                0x2000c5c4       0x30 airspy_usb_req.o
                0x2000c5c4                usb_vendor_request_set_lna_gain
 .text.usb_vendor_request_set_freq
                0x2000c5f4       0x38 airspy_usb_req.o
                0x2000c5f4                usb_vendor_request_set_freq
 .text.usb_vendor_request_set_samplerate
                0x2000c62c       0xc0 airspy_usb_req.o
                0x2000c62c                usb_vendor_request_set_samplerate
 .text.usb_vendor_request_set_packing_command
                0x2000c6ec       0x54 airspy_usb_req.o
                0x2000c6ec                usb_vendor_request_set_packing_command
 .text.usb_vendor_request_read_partid_serialno
                0x2000c740       0x60 airspy_usb_req.o
                0x2000c740                usb_vendor_request_read_partid_serialno
 .text.usb_vendor_request_read_version_string
                0x2000c7a0       0x60 airspy_usb_req.o
                0x2000c7a0                usb_vendor_request_read_version_string
 .text.usb_vendor_request_read_spiflash
                0x2000c800       0x8c airspy_usb_req.o
                0x2000c800                usb_vendor_request_read_spiflash
 .text.usb_vendor_request_write_spiflash
                0x2000c88c       0x78 airspy_usb_req.o
                0x2000c88c                usb_vendor_request_write_spiflash
 .text.usb_vendor_request_read_r820t
                0x2000c904       0x40 airspy_usb_req.o
                0x2000c904                usb_vendor_request_read_r820t
 .text.usb_vendor_request_write_r820t
                0x2000c944       0x38 airspy_usb_req.o
                0x2000c944                usb_vendor_request_write_r820t
 .text.usb_vendor_request_read_si5351c
                0x2000c97c       0x34 airspy_usb_req.o
                0x2000c97c                usb_vendor_request_read_si5351c
 .text.usb_vendor_request_write_si5351c
                0x2000c9b0       0x2c airspy_usb_req.o
                0x2000c9b0                usb_vendor_request_write_si5351c
 .text.usb_vendor_request_set_receiver_mode
                0x2000c9dc       0x26 airspy_usb_req.o
                0x2000c9dc                usb_vendor_request_set_receiver_mode
 *fill*         0x2000ca02        0x2 00
 .text.usb_vendor_request_write_gpio_command
                0x2000ca04       0x48 airspy_usb_req.o
                0x2000ca04                usb_vendor_request_write_gpio_command
 .text.usb_vendor_request_read_gpio_command
                0x2000ca4c       0x58 airspy_usb_req.o
                0x2000ca4c                usb_vendor_request_read_gpio_command
 .text.gpio_set
                0x2000caa4        0xa airspy_usb_req.o
                0x2000caa4                gpio_set
 .text.gpio_clear
                0x2000caae        0xa airspy_usb_req.o
                0x2000caae                gpio_clear
 .text.usb_streaming_disable
                0x2000cab8       0x18 airspy_usb_req.o
                0x2000cab8                usb_streaming_disable
 .text.airspy_usb_req_init
                0x2000cad0      0x100 airspy_usb_req.o
                0x2000cad0                airspy_usb_req_init
 .text.usb_descriptor_fill_string_serial_number
                0x2000cbd0       0xc0 usb_descriptor.o
                0x2000cbd0                usb_descriptor_fill_string_serial_number
 .text.delay    0x2000cc90        0xe airspy_core.o
                0x2000cc90                delay
 *fill*         0x2000cc9e        0x2 00
 .text.cpu_reset
                0x2000cca0        0xc airspy_core.o
                0x2000cca0                cpu_reset
 .text.enable_biast_power
                0x2000ccac       0x14 airspy_core.o
                0x2000ccac                enable_biast_power
 .text.disable_biast_power
                0x2000ccc0       0x14 airspy_core.o
                0x2000ccc0                disable_biast_power
 .text.hard_fault_handler
                0x2000ccd4       0x14 fault_handler.o
                0x2000ccd4                hard_fault_handler
 .text.hard_fault_handler_c
                0x2000cce8        0xc fault_handler.o
                0x2000cce8                hard_fault_handler_c
 .text.si5351c_write_single
                0x2000ccf4       0x22 si5351c.o
                0x2000ccf4                si5351c_write_single
 .text.si5351c_read_single
                0x2000cd16       0x2c si5351c.o
                0x2000cd16                si5351c_read_single
 *fill*         0x2000cd42        0x2 00
 .text.airspy_r820t_write_direct
                0x2000cd44       0x3c r820t.o
 .text.r820t_freq_get_idx
                0x2000cd80       0x20 r820t.o
                0x2000cd80                r820t_freq_get_idx
 .text.airspy_r820t_write_init
                0x2000cda0       0x44 r820t.o
                0x2000cda0                airspy_r820t_write_init
 .text.airspy_r820t_read
                0x2000cde4       0xa4 r820t.o
                0x2000cde4                airspy_r820t_read
 .text.airspy_r820t_write_single
                0x2000ce88       0x44 r820t.o
                0x2000ce88                airspy_r820t_write_single
 .text.r820t_write_reg
                0x2000cecc       0x1e r820t.o
 .text.r820t_write_reg_mask
                0x2000ceea       0x20 r820t.o
 *fill*         0x2000cf0a        0x2 00
 .text.airspy_r820t_read_single
                0x2000cf0c       0x18 r820t.o
                0x2000cf0c                airspy_r820t_read_single
 .text.r820t_set_pll
                0x2000cf24       0xd4 r820t.o
                0x2000cf24                r820t_set_pll
 .text.r820t_set_freq
                0x2000cff8       0xa8 r820t.o
                0x2000cff8                r820t_set_freq
 .text.r820t_set_lna_gain
                0x2000d0a0        0xe r820t.o
                0x2000d0a0                r820t_set_lna_gain
 .text.r820t_set_mixer_gain
                0x2000d0ae        0xe r820t.o
                0x2000d0ae                r820t_set_mixer_gain
 .text.r820t_set_vga_gain
                0x2000d0bc        0xe r820t.o
                0x2000d0bc                r820t_set_vga_gain
 .text.r820t_set_lna_agc
                0x2000d0ca       0x12 r820t.o
                0x2000d0ca                r820t_set_lna_agc
 .text.r820t_set_mixer_agc
                0x2000d0dc       0x12 r820t.o
                0x2000d0dc                r820t_set_mixer_agc
 *fill*         0x2000d0ee        0x2 00
 .text.r820t_calibrate
                0x2000d0f0       0xa8 r820t.o
                0x2000d0f0                r820t_calibrate
 .text.r820t_init
                0x2000d198       0x40 r820t.o
                0x2000d198                r820t_init
 .text.r820t_set_if_bandwidth
                0x2000d1d8       0x4c r820t.o
                0x2000d1d8                r820t_set_if_bandwidth
 .text.r820t_standby
                0x2000d224       0x68 r820t.o
                0x2000d224                r820t_standby
 .text.r820t_startup
                0x2000d28c       0x18 r820t.o
                0x2000d28c                r820t_startup
 .text.w25q80bv_get_status
                0x2000d2a4       0x34 w25q80bv.o
                0x2000d2a4                w25q80bv_get_status
 .text.w25q80bv_get_device_id
                0x2000d2d8       0x4c w25q80bv.o
                0x2000d2d8                w25q80bv_get_device_id
 .text.w25q80bv_setup
                0x2000d324       0xf4 w25q80bv.o
                0x2000d324                w25q80bv_setup
 .text.w25q80bv_get_unique_id
                0x2000d418       0x94 w25q80bv.o
                0x2000d418                w25q80bv_get_unique_id
 .text.w25q80bv_wait_while_busy
                0x2000d4ac        0xc w25q80bv.o
                0x2000d4ac                w25q80bv_wait_while_busy
 .text.w25q80bv_write_enable
                0x2000d4b8       0x2c w25q80bv.o
                0x2000d4b8                w25q80bv_write_enable
 .text.w25q80bv_sector_erase
                0x2000d4e4       0x68 w25q80bv.o
                0x2000d4e4                w25q80bv_sector_erase
 .text.w25q80bv_page_program
                0x2000d54c       0x78 w25q80bv.o
                0x2000d54c                w25q80bv_page_program
 .text.w25q80bv_program
                0x2000d5c4       0x7e w25q80bv.o
                0x2000d5c4                w25q80bv_program
 *fill*         0x2000d642        0x2 00
 .text.w25q80bv_read
                0x2000d644       0x7c w25q80bv.o
                0x2000d644                w25q80bv_read
 .text.iap_is_implemented
                0x2000d6c0       0x18 rom_iap.o
                0x2000d6c0                iap_is_implemented
 .text.iap_cmd_call
                0x2000d6d8       0x5c rom_iap.o
                0x2000d6d8                iap_cmd_call
 .text.usb_clear_pending_interrupts
                0x2000d734       0x34 usb.o
 .text.usb_flush_primed_endpoints
                0x2000d768       0x1c usb.o
 .text.usb_disable_all_endpoints
                0x2000d784       0x50 usb.o
 .text.usb_queue_head
                0x2000d7d4       0x18 usb.o
                0x2000d7d4                usb_queue_head
 .text.usb_peripheral_reset
                0x2000d7ec       0x20 usb.o
                0x2000d7ec                usb_peripheral_reset
 .text.usb_endpoint_prime
                0x2000d80c       0x30 usb.o
                0x2000d80c                usb_endpoint_prime
 .text.usb_endpoint_flush
                0x2000d83c       0x20 usb.o
                0x2000d83c                usb_endpoint_flush
 .text.usb_endpoint_disable
                0x2000d85c       0x54 usb.o
                0x2000d85c                usb_endpoint_disable
 .text.usb_endpoint_is_ready
                0x2000d8b0       0x2c usb.o
                0x2000d8b0                usb_endpoint_is_ready
 .text.usb_endpoint_schedule_append
                0x2000d8dc       0x68 usb.o
                0x2000d8dc                usb_endpoint_schedule_append
 .text.usb_endpoint_schedule_wait
                0x2000d944       0x1e usb.o
                0x2000d944                usb_endpoint_schedule_wait
 *fill*         0x2000d962        0x2 00
 .text.usb_endpoint_stall
                0x2000d964       0x20 usb.o
                0x2000d964                usb_endpoint_stall
 .text.usb_speed
                0x2000d984       0x2c usb.o
                0x2000d984                usb_speed
 .text.usb_set_address_immediate
                0x2000d9b0       0x18 usb.o
                0x2000d9b0                usb_set_address_immediate
 .text.usb_set_address_deferred
                0x2000d9c8       0x20 usb.o
                0x2000d9c8                usb_set_address_deferred
 .text.usb_device_init
                0x2000d9e8       0x88 usb.o
                0x2000d9e8                usb_device_init
 .text.usb_run  0x2000da70       0x24 usb.o
                0x2000da70                usb_run
 .text.usb_endpoint_init
                0x2000da94       0x90 usb.o
                0x2000da94                usb_endpoint_init
 .text.usb0_isr
                0x2000db24      0x18c usb.o
                0x2000db24                usb0_isr
 .text.endpoint_queue
                0x2000dcb0       0x20 usb_queue.o
 .text.usb_queue_init
                0x2000dcd0       0x54 usb_queue.o
                0x2000dcd0                usb_queue_init
 .text.usb_queue_flush_endpoint
                0x2000dd24       0x22 usb_queue.o
                0x2000dd24                usb_queue_flush_endpoint
 *fill*         0x2000dd46        0x2 00
 .text.usb_transfer_schedule
                0x2000dd48       0xa0 usb_queue.o
                0x2000dd48                usb_transfer_schedule
 .text.usb_transfer_schedule_block
                0x2000dde8       0x1a usb_queue.o
                0x2000dde8                usb_transfer_schedule_block
 .text.usb_transfer_schedule_ack
                0x2000de02        0xc usb_queue.o
                0x2000de02                usb_transfer_schedule_ack
 .text.usb_queue_transfer_complete
                0x2000de0e       0x36 usb_queue.o
                0x2000de0e                usb_queue_transfer_complete
 .text.usb_request
                0x2000de44       0x4c usb_request.o
 .text.usb_setup_complete
                0x2000de90        0xa usb_request.o
                0x2000de90                usb_setup_complete
 .text.usb_control_out_complete
                0x2000de9a       0x1c usb_request.o
                0x2000de9a                usb_control_out_complete
 .text.usb_control_in_complete
                0x2000deb6       0x1c usb_request.o
                0x2000deb6                usb_control_in_complete
 .text.usb_send_descriptor
                0x2000ded2       0x30 usb_standard_request.o
 .text.usb_send_descriptor_config
                0x2000df02       0x28 usb_standard_request.o
 .text.usb_endpoint_descriptor
                0x2000df2a       0x2a usb_standard_request.o
                0x2000df2a                usb_endpoint_descriptor
 .text.usb_endpoint_descriptor_max_packet_size
                0x2000df54        0xc usb_standard_request.o
                0x2000df54                usb_endpoint_descriptor_max_packet_size
 .text.usb_endpoint_descriptor_transfer_type
                0x2000df60        0x8 usb_standard_request.o
                0x2000df60                usb_endpoint_descriptor_transfer_type
 .text.usb_set_configuration_changed_cb
                0x2000df68        0xc usb_standard_request.o
                0x2000df68                usb_set_configuration_changed_cb
 .text.usb_set_configuration
                0x2000df74       0x48 usb_standard_request.o
                0x2000df74                usb_set_configuration
 .text.usb_standard_request
                0x2000dfbc      0x20c usb_standard_request.o
                0x2000dfbc                usb_standard_request
 .text.scu_pinmux
                0x2000e1c8        0x4 ../libopencm3/lib\libopencm3_lpc43xx_m0.a(scu.o)
                0x2000e1c8                scu_pinmux
 .text.i2c0_init
                0x2000e1cc       0x34 ../libopencm3/lib\libopencm3_lpc43xx_m0.a(i2c.o)
                0x2000e1cc                i2c0_init
 .text.i2c1_init
                0x2000e200       0x38 ../libopencm3/lib\libopencm3_lpc43xx_m0.a(i2c.o)
                0x2000e200                i2c1_init
 .text.i2c0_tx_start
                0x2000e238       0x40 ../libopencm3/lib\libopencm3_lpc43xx_m0.a(i2c.o)
                0x2000e238                i2c0_tx_start
 .text.i2c1_tx_start
                0x2000e278       0x40 ../libopencm3/lib\libopencm3_lpc43xx_m0.a(i2c.o)
                0x2000e278                i2c1_tx_start
 .text.i2c0_tx_byte
                0x2000e2b8       0x4c ../libopencm3/lib\libopencm3_lpc43xx_m0.a(i2c.o)
                0x2000e2b8                i2c0_tx_byte
 .text.i2c1_tx_byte
                0x2000e304       0x4c ../libopencm3/lib\libopencm3_lpc43xx_m0.a(i2c.o)
                0x2000e304                i2c1_tx_byte
 .text.i2c0_rx_byte
                0x2000e350       0x4c ../libopencm3/lib\libopencm3_lpc43xx_m0.a(i2c.o)
                0x2000e350                i2c0_rx_byte
 .text.i2c1_rx_byte
                0x2000e39c       0x5c ../libopencm3/lib\libopencm3_lpc43xx_m0.a(i2c.o)
                0x2000e39c                i2c1_rx_byte
 .text.i2c0_stop
                0x2000e3f8       0x24 ../libopencm3/lib\libopencm3_lpc43xx_m0.a(i2c.o)
                0x2000e3f8                i2c0_stop
 .text.i2c1_stop
                0x2000e41c       0x24 ../libopencm3/lib\libopencm3_lpc43xx_m0.a(i2c.o)
                0x2000e41c                i2c1_stop
 .text.ssp_init
                0x2000e440       0xc0 ../libopencm3/lib\libopencm3_lpc43xx_m0.a(ssp.o)
                0x2000e440                ssp_init
 .text.ssp_transfer
                0x2000e500       0x4c ../libopencm3/lib\libopencm3_lpc43xx_m0.a(ssp.o)
                0x2000e500                ssp_transfer
 .text.blocking_handler
                0x2000e54c        0x4 ../libopencm3/lib\libopencm3_lpc43xx_m0.a(vector.o)
                0x2000e54c                adc0_isr
                0x2000e54c                m0sub_isr
                0x2000e54c                usart2_or_c_can1_isr
                0x2000e54c                usart3_isr
                0x2000e54c                rtc_isr
                0x2000e54c                gint1_isr
                0x2000e54c                flasheepromat_isr
                0x2000e54c                usart0_isr
                0x2000e54c                blocking_handler
                0x2000e54c                i2c0_or_irc1_isr
                0x2000e54c                sdio_isr
                0x2000e54c                ritimer_or_wwdt_isr
                0x2000e54c                dma_isr
                0x2000e54c                ethernet_isr
                0x2000e54c                c_can0_isr
                0x2000e54c                eventrouter_isr
                0x2000e54c                spifi_or_adchs_isr
                0x2000e54c                uart1_isr
                0x2000e54c                ssp0_or_ssp1_isr
                0x2000e54c                sct_isr
                0x2000e54c                timer3_isr
                0x2000e54c                lcd_isr
                0x2000e54c                spi_or_dac_isr
                0x2000e54c                sgpio_isr
                0x2000e54c                i2s0_or_i2s1_isr
                0x2000e54c                adc1_isr
                0x2000e54c                mcpwm_isr
                0x2000e54c                timer0_isr
                0x2000e54c                usb1_isr
                0x2000e54c                pin_int4_isr
 .text.null_handler
                0x2000e550        0x4 ../libopencm3/lib\libopencm3_lpc43xx_m0.a(vector.o)
                0x2000e550                sv_call_handler
                0x2000e550                pend_sv_handler
                0x2000e550                sys_tick_handler
                0x2000e550                nmi_handler
                0x2000e550                null_handler
 .text.reset_handler
                0x2000e554      0x168 ../libopencm3/lib\libopencm3_lpc43xx_m0.a(vector.o)
                0x2000e554                reset_handler
 .text.nvic_enable_irq
                0x2000e6bc       0x18 ../libopencm3/lib\libopencm3_lpc43xx_m0.a(nvic.o)
                0x2000e6bc                nvic_enable_irq
 .text.nvic_set_priority
                0x2000e6d4       0x20 ../libopencm3/lib\libopencm3_lpc43xx_m0.a(nvic.o)
                0x2000e6d4                nvic_set_priority
 .text          0x2000e6f4       0x14 c:/program files (x86)/gnu tools arm embedded/4.7 2013q3/bin/../lib/gcc/arm-none-eabi/4.7.4/armv6-m\libgcc.a(_thumb1_case_uqi.o)
                0x2000e6f4                __gnu_thumb1_case_uqi
 .text          0x2000e708       0x9c c:/program files (x86)/gnu tools arm embedded/4.7 2013q3/bin/../lib/gcc/arm-none-eabi/4.7.4/armv6-m\libgcc.a(_udivsi3.o)
                0x2000e708                __aeabi_uidiv
                0x2000e708                __udivsi3
                0x2000e790                __aeabi_uidivmod
 .text          0x2000e7a4        0x4 c:/program files (x86)/gnu tools arm embedded/4.7 2013q3/bin/../lib/gcc/arm-none-eabi/4.7.4/armv6-m\libgcc.a(_dvmd_tls.o)
                0x2000e7a4                __aeabi_idiv0
                0x2000e7a4                __aeabi_ldiv0
 .text          0x2000e7a8       0x44 c:/program files (x86)/gnu tools arm embedded/4.7 2013q3/bin/../lib/gcc/arm-none-eabi/4.7.4/armv6-m\libgcc.a(_muldi3.o)
                0x2000e7a8                __muldi3
                0x2000e7a8                __aeabi_lmul
 .text.memcpy   0x2000e7ec      0x144 c:/program files (x86)/gnu tools arm embedded/4.7 2013q3/bin/../lib/gcc/arm-none-eabi/4.7.4/../../../../arm-none-eabi/lib/armv6-m\libc.a(lib_a-memcpy.o)
                0x2000e7ec                memcpy
 .text.strcpy   0x2000e930       0x10 c:/program files (x86)/gnu tools arm embedded/4.7 2013q3/bin/../lib/gcc/arm-none-eabi/4.7.4/../../../../arm-none-eabi/lib/armv6-m\libc.a(lib_a-strcpy.o)
                0x2000e930                strcpy
 .text.strlen   0x2000e940       0x10 c:/program files (x86)/gnu tools arm embedded/4.7 2013q3/bin/../lib/gcc/arm-none-eabi/4.7.4/../../../../arm-none-eabi/lib/armv6-m\libc.a(lib_a-strlen.o)
                0x2000e940                strlen
                0x2000e950                . = ALIGN (0x4)
 *(.rodata*)
 .rodata.version_string
                0x2000e950       0x29 airspy_m0.o
                0x2000e950                version_string
 *fill*         0x2000e979        0x3 00
 .rodata.usb_request_handlers
                0x2000e97c       0x10 airspy_usb_req.o
                0x2000e97c                usb_request_handlers
 .rodata.usb_descriptor_strings
                0x2000e98c       0x14 usb_descriptor.o
                0x2000e98c                usb_descriptor_strings
 .rodata.htoa   0x2000e9a0       0x10 usb_descriptor.o
 .rodata        0x2000e9b0       0x14 r820t.o
 .rodata.freq_to_idx
                0x2000e9c4      0x258 r820t.o
                0x2000e9c4                freq_to_idx
 .rodata.freq_ranges
                0x2000ec1c       0x3f r820t.o
                0x2000ec1c                freq_ranges
 .rodata.lut    0x2000ec5b       0x10 r820t.o
                0x2000ec5b                lut
                0x2000ec6c                . = ALIGN (0x4)
 *fill*         0x2000ec6b        0x1 00

.glue_7         0x2000ec6c        0x0
 .glue_7        0x00000000        0x0 linker stubs

.glue_7t        0x2000ec6c        0x0
 .glue_7t       0x00000000        0x0 linker stubs

.vfp11_veneer   0x2000ec6c        0x0
 .vfp11_veneer  0x00000000        0x0 linker stubs

.v4_bx          0x2000ec6c        0x0
 .v4_bx         0x00000000        0x0 linker stubs

.iplt           0x2000ec6c        0x0
 .iplt          0x00000000        0x0 airspy_m0.o

.rel.dyn        0x2000ec6c        0x0
 .rel.iplt      0x00000000        0x0 airspy_m0.o

.preinit_array  0x2000ec6c        0x0
                0x2000ec6c                . = ALIGN (0x4)
                0x2000ec6c                __preinit_array_start = .
 *(.preinit_array)
                0x2000ec6c                __preinit_array_end = .

.init_array     0x2000ec6c        0x0
                0x2000ec6c                . = ALIGN (0x4)
                0x2000ec6c                __init_array_start = .
 *(SORT(.init_array.*))
 *(.init_array)
                0x2000ec6c                __init_array_end = .

.fini_array     0x2000ec6c        0x0
                0x2000ec6c                . = ALIGN (0x4)
                0x2000ec6c                __fini_array_start = .
 *(.fini_array)
 *(SORT(.fini_array.*))
                0x2000ec6c                __fini_array_end = .

.ARM.extab
 *(.ARM.extab*)
 *(.ARM.extab*)

.ARM.exidx      0x2000ec6c        0x0
                0x2000ec6c                __exidx_start = .
 *(.ARM.exidx*)
                0x2000ec6c                __exidx_end = .
                0x2000ec6c                . = ALIGN (0x4)
                0x2000ec6c                _etext = .
                0x00000000                _etext_ram = 0x0
                0x00000000                _etext_rom = 0x0
                0x2000c000                . = ORIGIN (ram_ahb2)

.data           0x2000ec6c      0x2c4
                0x2000ec6c                _data = .
 *(.data*)
 .data.set_samplerate
                0x2000ec6c        0x4 airspy_m0.o
                0x2000ec6c                set_samplerate
 .data.set_packing
                0x2000ec70        0x4 airspy_m0.o
                0x2000ec70                set_packing
 .data.usb_bulk_buffer_offset
                0x2000ec74        0x4 airspy_m0.o
                0x2000ec74                usb_bulk_buffer_offset
 .data.start_adchs
                0x2000ec78        0x4 airspy_m0.o
                0x2000ec78                start_adchs
 .data.usb_bulk_buffer_length
                0x2000ec7c        0x4 airspy_m0.o
                0x2000ec7c                usb_bulk_buffer_length
 .data.last_offset_m0
                0x2000ec80        0x4 airspy_m0.o
                0x2000ec80                last_offset_m0
 .data.usb_descriptor_device_qualifier
                0x2000ec84        0xa usb_descriptor.o
                0x2000ec84                usb_descriptor_device_qualifier
 .data.usb_descriptor_configuration_full_speed
                0x2000ec8e       0x21 usb_descriptor.o
                0x2000ec8e                usb_descriptor_configuration_full_speed
 .data.usb_descriptor_CompatIDDescriptor
                0x2000ecaf       0x28 usb_descriptor.o
                0x2000ecaf                usb_descriptor_CompatIDDescriptor
 .data.usb_descriptor_string_serial_number
                0x2000ecd7       0x36 usb_descriptor.o
                0x2000ecd7                usb_descriptor_string_serial_number
 .data.usb_descriptor_device
                0x2000ed0d       0x12 usb_descriptor.o
                0x2000ed0d                usb_descriptor_device
 .data.usb_descriptor_string_languages
                0x2000ed1f        0x4 usb_descriptor.o
                0x2000ed1f                usb_descriptor_string_languages
 .data.usb_descriptor_string_manufacturer
                0x2000ed23       0x1e usb_descriptor.o
                0x2000ed23                usb_descriptor_string_manufacturer
 .data.usb_descriptor_MSDescriptor
                0x2000ed41       0x12 usb_descriptor.o
                0x2000ed41                usb_descriptor_MSDescriptor
 .data.usb_descriptor_configuration_high_speed
                0x2000ed53       0x21 usb_descriptor.o
                0x2000ed53                usb_descriptor_configuration_high_speed
 .data.usb_descriptor_string_product
                0x2000ed74        0xe usb_descriptor.o
                0x2000ed74                usb_descriptor_string_product
 .data.usb_descriptor_ExtProps
                0x2000ed82       0x8e usb_descriptor.o
                0x2000ed82                usb_descriptor_ExtProps
 .data.usb_configuration_high_speed
                0x2000ee10        0xc usb_device.o
                0x2000ee10                usb_configuration_high_speed
 .data.usb_device
                0x2000ee1c       0x14 usb_device.o
                0x2000ee1c                usb_device
 .data.usb_configuration_full_speed
                0x2000ee30        0xc usb_device.o
                0x2000ee30                usb_configuration_full_speed
 .data.usb_configurations
                0x2000ee3c        0xc usb_device.o
                0x2000ee3c                usb_configurations
 .data.usb_endpoint_control_out_queue
                0x2000ee48       0x10 usb_endpoint.o
                0x2000ee48                usb_endpoint_control_out_queue
 .data.usb_endpoint_bulk_out_queue
                0x2000ee58       0x10 usb_endpoint.o
                0x2000ee58                usb_endpoint_bulk_out_queue
 .data.usb_endpoint_control_in_queue
                0x2000ee68       0x10 usb_endpoint.o
                0x2000ee68                usb_endpoint_control_in_queue
 .data.usb_endpoint_control_out
                0x2000ee78       0x28 usb_endpoint.o
                0x2000ee78                usb_endpoint_control_out
 .data.usb_endpoint_bulk_out
                0x2000eea0       0x28 usb_endpoint.o
                0x2000eea0                usb_endpoint_bulk_out
 .data.usb_endpoint_control_in
                0x2000eec8       0x28 usb_endpoint.o
                0x2000eec8                usb_endpoint_control_in
 .data.usb_endpoint_bulk_in_queue
                0x2000eef0       0x10 usb_endpoint.o
                0x2000eef0                usb_endpoint_bulk_in_queue
 .data.usb_endpoint_bulk_in
                0x2000ef00       0x28 usb_endpoint.o
                0x2000ef00                usb_endpoint_bulk_in
 .data.airspy_conf
                0x2000ef28        0x4 airspy_core.o
                0x2000ef28                airspy_conf
 .data.r820t_state_standby
                0x2000ef2c        0x1 r820t.o
                0x2000ef2c                r820t_state_standby
                0x2000ef30                . = ALIGN (0x4)
 *fill*         0x2000ef2d        0x3 00
                0x2000ec6c                _data_loadaddr = LOADADDR (.data)
                0x2000ef30                _data = .
                0x2000ef30                _edata = .

.igot.plt       0x2000ef30        0x0
 .igot.plt      0x00000000        0x0 airspy_m0.o

.bss            0x2000f000      0xb04
                0x2000f000                _bss = .
 *(.bss_aligned*)
 *(.bss*)
 .bss.phase     0x2000f000        0x4 airspy_m0.o
                0x2000f000                phase
 .bss.receiver_mode
                0x2000f004        0x1 airspy_rx.o
 *fill*         0x2000f005       0x3b 00
 .bss.usb_endpoint_bulk_in_transfers
                0x2000f040       0x80 usb_endpoint.o
 .bss.usb_endpoint_control_in_transfers
                0x2000f0c0      0x200 usb_endpoint.o
 .bss.usb_endpoint_bulk_out_transfers
                0x2000f2c0       0x80 usb_endpoint.o
 .bss.usb_device_usb0
                0x2000f340        0x4 usb.o
                0x2000f340                usb_device_usb0
 .bss.endpoint_queues
                0x2000f344       0x30 usb_queue.o
                0x2000f344                endpoint_queues
 .bss.usb_configuration_changed_cb
                0x2000f374        0x4 usb_standard_request.o
                0x2000f374                usb_configuration_changed_cb
 .bss.USB_InterfaceStatus
                0x2000f378        0x2 usb_standard_request.o
                0x2000f378                USB_InterfaceStatus
 .bss.USB_DeviceStatus
                0x2000f37a        0x2 usb_standard_request.o
                0x2000f37a                USB_DeviceStatus
 .bss.USB_CurrentInterface
                0x2000f37c        0x1 usb_standard_request.o
                0x2000f37c                USB_CurrentInterface
 *(COMMON)
 *fill*         0x2000f37d        0x3 00
 COMMON         0x2000f380        0xd airspy_m0.o
                0x2000f380                set_sample_r_params
                0x2000f388                set_freq_params
                0x2000f38c                __gnu_lto_v1
 *fill*         0x2000f38d        0x3 00
 COMMON         0x2000f390      0x171 airspy_usb_req.o
                0x2000f390                vendor_request_handler
                0x2000f400                spiflash_buffer
                0x2000f500                sample_rate_conf_no
 *fill*         0x2000f501       0x3f 00
 COMMON         0x2000f540      0x200 usb_endpoint.o
                0x2000f540                usb_endpoint_control_out_transfers
 COMMON         0x2000f740        0x4 fault_handler.o
                0x2000f740                hard_fault_stack_pt
 COMMON         0x2000f744       0x20 r820t.o
                0x2000f744                r820t_read_data
 COMMON         0x2000f764        0x1 w25q80bv.o
                0x2000f764                device_id
 *fill*         0x2000f765       0x9b 00
 COMMON         0x2000f800      0x300 usb.o
                0x2000f800                usb_qh
 COMMON         0x2000fb00        0x2 usb_standard_request.o
                0x2000fb00                USB_EpStatus
                0x2000fb04                . = ALIGN (0x4)
 *fill*         0x2000fb02        0x2 00
                0x2000fb04                _ebss = .

/DISCARD/
 *(.eh_frame)
                0x2000fb04                . = ALIGN (0x4)
                0x2000fb04                end = .
                0x20000fe0                __StackTop = ((ORIGIN (ram_ahb1_m0_stack) + 0x1000) - 0x20)
                0x20000fe0                PROVIDE (_stack, __StackTop)
OUTPUT(airspy_m0.elf elf32-littlearm)

.debug_info     0x00000000     0xdda3
 .debug_info    0x00000000     0x123e airspy_m0.o
 .debug_info    0x0000123e      0x47e airspy_rx.o
 .debug_info    0x000016bc     0x27d5 airspy_usb_req.o
 .debug_info    0x00003e91      0x3e6 usb_descriptor.o
 .debug_info    0x00004277      0x241 usb_device.o
 .debug_info    0x000044b8      0x596 usb_endpoint.o
 .debug_info    0x00004a4e     0x143c airspy_core.o
 .debug_info    0x00005e8a      0x3a5 fault_handler.o
 .debug_info    0x0000622f      0x72a si5351c.o
 .debug_info    0x00006959     0x1446 r820t.o
 .debug_info    0x00007d9f     0x1530 w25q80bv.o
 .debug_info    0x000092cf      0x37a rom_iap.o
 .debug_info    0x00009649     0x1624 usb.o
 .debug_info    0x0000ac6d      0xa20 usb_queue.o
 .debug_info    0x0000b68d      0x641 usb_request.o
 .debug_info    0x0000bcce      0xef0 usb_standard_request.o
 .debug_info    0x0000cbbe      0x7b9 ../libopencm3/lib\libopencm3_lpc43xx_m0.a(scu.o)
 .debug_info    0x0000d377      0x248 ../libopencm3/lib\libopencm3_lpc43xx_m0.a(i2c.o)
 .debug_info    0x0000d5bf      0x345 ../libopencm3/lib\libopencm3_lpc43xx_m0.a(ssp.o)
 .debug_info    0x0000d904      0x2e5 ../libopencm3/lib\libopencm3_lpc43xx_m0.a(vector.o)
 .debug_info    0x0000dbe9      0x1ba ../libopencm3/lib\libopencm3_lpc43xx_m0.a(nvic.o)

.debug_abbrev   0x00000000     0x28fe
 .debug_abbrev  0x00000000      0x30c airspy_m0.o
 .debug_abbrev  0x0000030c      0x194 airspy_rx.o
 .debug_abbrev  0x000004a0      0x3e3 airspy_usb_req.o
 .debug_abbrev  0x00000883      0x103 usb_descriptor.o
 .debug_abbrev  0x00000986       0xae usb_device.o
 .debug_abbrev  0x00000a34      0x11c usb_endpoint.o
 .debug_abbrev  0x00000b50      0x2da airspy_core.o
 .debug_abbrev  0x00000e2a      0x113 fault_handler.o
 .debug_abbrev  0x00000f3d      0x18f si5351c.o
 .debug_abbrev  0x000010cc      0x363 r820t.o
 .debug_abbrev  0x0000142f      0x29a w25q80bv.o
 .debug_abbrev  0x000016c9      0x17c rom_iap.o
 .debug_abbrev  0x00001845      0x4cc usb.o
 .debug_abbrev  0x00001d11      0x2c3 usb_queue.o
 .debug_abbrev  0x00001fd4      0x1a7 usb_request.o
 .debug_abbrev  0x0000217b      0x342 usb_standard_request.o
 .debug_abbrev  0x000024bd       0x86 ../libopencm3/lib\libopencm3_lpc43xx_m0.a(scu.o)
 .debug_abbrev  0x00002543       0xbe ../libopencm3/lib\libopencm3_lpc43xx_m0.a(i2c.o)
 .debug_abbrev  0x00002601      0x11e ../libopencm3/lib\libopencm3_lpc43xx_m0.a(ssp.o)
 .debug_abbrev  0x0000271f      0x137 ../libopencm3/lib\libopencm3_lpc43xx_m0.a(vector.o)
 .debug_abbrev  0x00002856       0xa8 ../libopencm3/lib\libopencm3_lpc43xx_m0.a(nvic.o)

.debug_loc      0x00000000     0x6177
 .debug_loc     0x00000000      0x188 airspy_m0.o
 .debug_loc     0x00000188       0x41 airspy_rx.o
 .debug_loc     0x000001c9     0x1c42 airspy_usb_req.o
 .debug_loc     0x00001e0b      0x235 usb_descriptor.o
 .debug_loc     0x00002040      0x6ca airspy_core.o
 .debug_loc     0x0000270a      0x31f si5351c.o
 .debug_loc     0x00002a29     0x1146 r820t.o
 .debug_loc     0x00003b6f      0x53d w25q80bv.o
 .debug_loc     0x000040ac       0xae rom_iap.o
 .debug_loc     0x0000415a      0xa86 usb.o
 .debug_loc     0x00004be0      0x527 usb_queue.o
 .debug_loc     0x00005107      0x211 usb_request.o
 .debug_loc     0x00005318      0xa0b usb_standard_request.o
 .debug_loc     0x00005d23      0x136 ../libopencm3/lib\libopencm3_lpc43xx_m0.a(i2c.o)
 .debug_loc     0x00005e59      0x1ea ../libopencm3/lib\libopencm3_lpc43xx_m0.a(ssp.o)
 .debug_loc     0x00006043       0x34 ../libopencm3/lib\libopencm3_lpc43xx_m0.a(vector.o)
 .debug_loc     0x00006077      0x100 ../libopencm3/lib\libopencm3_lpc43xx_m0.a(nvic.o)

.debug_aranges  0x00000000      0x740
 .debug_aranges
                0x00000000       0x50 airspy_m0.o
 .debug_aranges
                0x00000050       0x28 airspy_rx.o
 .debug_aranges
                0x00000078      0x128 airspy_usb_req.o
 .debug_aranges
                0x000001a0       0x20 usb_descriptor.o
 .debug_aranges
                0x000001c0       0x18 usb_device.o
 .debug_aranges
                0x000001d8       0x18 usb_endpoint.o
 .debug_aranges
                0x000001f0       0x80 airspy_core.o
 .debug_aranges
                0x00000270       0x40 fault_handler.o
 .debug_aranges
                0x000002b0       0x70 si5351c.o
 .debug_aranges
                0x00000320       0xb8 r820t.o
 .debug_aranges
                0x000003d8       0x70 w25q80bv.o
 .debug_aranges
                0x00000448       0x28 rom_iap.o
 .debug_aranges
                0x00000470       0xb8 usb.o
 .debug_aranges
                0x00000528       0x50 usb_queue.o
 .debug_aranges
                0x00000578       0x38 usb_request.o
 .debug_aranges
                0x000005b0       0x58 usb_standard_request.o
 .debug_aranges
                0x00000608       0x20 ../libopencm3/lib\libopencm3_lpc43xx_m0.a(scu.o)
 .debug_aranges
                0x00000628       0x68 ../libopencm3/lib\libopencm3_lpc43xx_m0.a(i2c.o)
 .debug_aranges
                0x00000690       0x30 ../libopencm3/lib\libopencm3_lpc43xx_m0.a(ssp.o)
 .debug_aranges
                0x000006c0       0x30 ../libopencm3/lib\libopencm3_lpc43xx_m0.a(vector.o)
 .debug_aranges
                0x000006f0       0x50 ../libopencm3/lib\libopencm3_lpc43xx_m0.a(nvic.o)

.debug_ranges   0x00000000      0xc78
 .debug_ranges  0x00000000       0x58 airspy_m0.o
 .debug_ranges  0x00000058       0x18 airspy_rx.o
 .debug_ranges  0x00000070      0x198 airspy_usb_req.o
 .debug_ranges  0x00000208       0x10 usb_descriptor.o
 .debug_ranges  0x00000218       0xa0 airspy_core.o
 .debug_ranges  0x000002b8       0x30 fault_handler.o
 .debug_ranges  0x000002e8       0x60 si5351c.o
 .debug_ranges  0x00000348      0x1f8 r820t.o
 .debug_ranges  0x00000540       0xb0 w25q80bv.o
 .debug_ranges  0x000005f0       0x18 rom_iap.o
 .debug_ranges  0x00000608      0x390 usb.o
 .debug_ranges  0x00000998      0x140 usb_queue.o
 .debug_ranges  0x00000ad8       0x28 usb_request.o
 .debug_ranges  0x00000b00       0x60 usb_standard_request.o
 .debug_ranges  0x00000b60       0x10 ../libopencm3/lib\libopencm3_lpc43xx_m0.a(scu.o)
 .debug_ranges  0x00000b70       0x58 ../libopencm3/lib\libopencm3_lpc43xx_m0.a(i2c.o)
 .debug_ranges  0x00000bc8       0x50 ../libopencm3/lib\libopencm3_lpc43xx_m0.a(ssp.o)
 .debug_ranges  0x00000c18       0x20 ../libopencm3/lib\libopencm3_lpc43xx_m0.a(vector.o)
 .debug_ranges  0x00000c38       0x40 ../libopencm3/lib\libopencm3_lpc43xx_m0.a(nvic.o)

.debug_line     0x00000000     0x3c14
 .debug_line    0x00000000      0x31d airspy_m0.o
 .debug_line    0x0000031d      0x13b airspy_rx.o
 .debug_line    0x00000458      0x6d1 airspy_usb_req.o
 .debug_line    0x00000b29      0x148 usb_descriptor.o
 .debug_line    0x00000c71       0xe3 usb_device.o
 .debug_line    0x00000d54      0x122 usb_endpoint.o
 .debug_line    0x00000e76      0x46f airspy_core.o
 .debug_line    0x000012e5      0x133 fault_handler.o
 .debug_line    0x00001418      0x243 si5351c.o
 .debug_line    0x0000165b      0x405 r820t.o
 .debug_line    0x00001a60      0x2c6 w25q80bv.o
 .debug_line    0x00001d26      0x117 rom_iap.o
 .debug_line    0x00001e3d      0x505 usb.o
 .debug_line    0x00002342      0x2b2 usb_queue.o
 .debug_line    0x000025f4      0x160 usb_request.o
 .debug_line    0x00002754      0x285 usb_standard_request.o
 .debug_line    0x000029d9      0x2ee ../libopencm3/lib\libopencm3_lpc43xx_m0.a(scu.o)
 .debug_line    0x00002cc7      0x42e ../libopencm3/lib\libopencm3_lpc43xx_m0.a(i2c.o)
 .debug_line    0x000030f5      0x351 ../libopencm3/lib\libopencm3_lpc43xx_m0.a(ssp.o)
 .debug_line    0x00003446      0x424 ../libopencm3/lib\libopencm3_lpc43xx_m0.a(vector.o)
 .debug_line    0x0000386a      0x3aa ../libopencm3/lib\libopencm3_lpc43xx_m0.a(nvic.o)

.debug_str      0x00000000    0x11b69
 .debug_str     0x00000000      0xbd2 airspy_m0.o
                                0xdcf (size before relaxing)
 .debug_str     0x00000bd2       0x48 airspy_rx.o
                                0x382 (size before relaxing)
 .debug_str     0x00000c1a      0xa41 airspy_usb_req.o
                               0x146a (size before relaxing)
 .debug_str     0x0000165b      0x26f usb_descriptor.o
                                0x675 (size before relaxing)
 .debug_str     0x000018ca       0x5a usb_device.o
                                0x2d1 (size before relaxing)
 .debug_str     0x00001924       0x93 usb_endpoint.o
                                0x4c9 (size before relaxing)
 .debug_str     0x000019b7      0x6df airspy_core.o
                                0xc0f (size before relaxing)
 .debug_str     0x00002096      0x18d fault_handler.o
                                0x28e (size before relaxing)
 .debug_str     0x00002223       0x8a si5351c.o
                                0x2ae (size before relaxing)
 .debug_str     0x000022ad      0x235 r820t.o
                                0x4c4 (size before relaxing)
 .debug_str     0x000024e2      0x346 w25q80bv.o
                                0x897 (size before relaxing)
 .debug_str     0x00002828       0x49 rom_iap.o
                                0x413 (size before relaxing)
 .debug_str     0x00002871      0x6b5 usb.o
                                0xa9b (size before relaxing)
 .debug_str     0x00002f26       0xfa usb_queue.o
                                0x50c (size before relaxing)
 .debug_str     0x00003020      0x2da usb_request.o
                                0x6ca (size before relaxing)
 .debug_str     0x000032fa      0x55b usb_standard_request.o
                                0xe21 (size before relaxing)
 .debug_str     0x00003855     0x5f4c ../libopencm3/lib\libopencm3_lpc43xx_m0.a(scu.o)
                               0x6413 (size before relaxing)
 .debug_str     0x000097a1     0x54ff ../libopencm3/lib\libopencm3_lpc43xx_m0.a(i2c.o)
                               0xb5d0 (size before relaxing)
 .debug_str     0x0000eca0     0x1ab8 ../libopencm3/lib\libopencm3_lpc43xx_m0.a(ssp.o)
                               0xa4cf (size before relaxing)
 .debug_str     0x00010758      0xb09 ../libopencm3/lib\libopencm3_lpc43xx_m0.a(vector.o)
                               0x3d20 (size before relaxing)
 .debug_str     0x00011261      0x908 ../libopencm3/lib\libopencm3_lpc43xx_m0.a(nvic.o)
                               0x4058 (size before relaxing)

.comment        0x00000000       0x70
 .comment       0x00000000       0x70 airspy_m0.o
                                 0x71 (size before relaxing)
 .comment       0x00000000       0x71 airspy_rx.o
 .comment       0x00000000       0x71 airspy_usb_req.o
 .comment       0x00000000       0x71 usb_descriptor.o
 .comment       0x00000000       0x71 usb_device.o
 .comment       0x00000000       0x71 usb_endpoint.o
 .comment       0x00000000       0x71 airspy_core.o
 .comment       0x00000000       0x71 fault_handler.o
 .comment       0x00000000       0x71 si5351c.o
 .comment       0x00000000       0x71 r820t.o
 .comment       0x00000000       0x71 w25q80bv.o
 .comment       0x00000000       0x71 rom_iap.o
 .comment       0x00000000       0x71 usb.o
 .comment       0x00000000       0x71 usb_queue.o
 .comment       0x00000000       0x71 usb_request.o
 .comment       0x00000000       0x71 usb_standard_request.o
 .comment       0x00000000       0x71 ../libopencm3/lib\libopencm3_lpc43xx_m0.a(scu.o)
 .comment       0x00000000       0x71 ../libopencm3/lib\libopencm3_lpc43xx_m0.a(i2c.o)
 .comment       0x00000000       0x71 ../libopencm3/lib\libopencm3_lpc43xx_m0.a(ssp.o)
 .comment       0x00000000       0x71 ../libopencm3/lib\libopencm3_lpc43xx_m0.a(vector.o)
 .comment       0x00000000       0x71 ../libopencm3/lib\libopencm3_lpc43xx_m0.a(nvic.o)

.ARM.attributes
                0x00000000       0x31
 .ARM.attributes
                0x00000000       0x31 airspy_m0.o
 .ARM.attributes
                0x00000031       0x31 airspy_rx.o
 .ARM.attributes
                0x00000062       0x31 airspy_usb_req.o
 .ARM.attributes
                0x00000093       0x31 usb_descriptor.o
 .ARM.attributes
                0x000000c4       0x31 usb_device.o
 .ARM.attributes
                0x000000f5       0x31 usb_endpoint.o
 .ARM.attributes
                0x00000126       0x31 airspy_core.o
 .ARM.attributes
                0x00000157       0x31 fault_handler.o
 .ARM.attributes
                0x00000188       0x31 si5351c.o
 .ARM.attributes
                0x000001b9       0x31 r820t.o
 .ARM.attributes
                0x000001ea       0x31 w25q80bv.o
 .ARM.attributes
                0x0000021b       0x31 rom_iap.o
 .ARM.attributes
                0x0000024c       0x31 usb.o
 .ARM.attributes
                0x0000027d       0x31 usb_queue.o
 .ARM.attributes
                0x000002ae       0x31 usb_request.o
 .ARM.attributes
                0x000002df       0x31 usb_standard_request.o
 .ARM.attributes
                0x00000310       0x31 ../libopencm3/lib\libopencm3_lpc43xx_m0.a(scu.o)
 .ARM.attributes
                0x00000341       0x31 ../libopencm3/lib\libopencm3_lpc43xx_m0.a(i2c.o)
 .ARM.attributes
                0x00000372       0x31 ../libopencm3/lib\libopencm3_lpc43xx_m0.a(ssp.o)
 .ARM.attributes
                0x000003a3       0x31 ../libopencm3/lib\libopencm3_lpc43xx_m0.a(vector.o)
 .ARM.attributes
                0x000003d4       0x31 ../libopencm3/lib\libopencm3_lpc43xx_m0.a(nvic.o)
 .ARM.attributes
                0x00000405       0x1e c:/program files (x86)/gnu tools arm embedded/4.7 2013q3/bin/../lib/gcc/arm-none-eabi/4.7.4/armv6-m\libgcc.a(_thumb1_case_uqi.o)
 .ARM.attributes
                0x00000423       0x1e c:/program files (x86)/gnu tools arm embedded/4.7 2013q3/bin/../lib/gcc/arm-none-eabi/4.7.4/armv6-m\libgcc.a(_udivsi3.o)
 .ARM.attributes
                0x00000441       0x1e c:/program files (x86)/gnu tools arm embedded/4.7 2013q3/bin/../lib/gcc/arm-none-eabi/4.7.4/armv6-m\libgcc.a(_dvmd_tls.o)
 .ARM.attributes
                0x0000045f       0x2c c:/program files (x86)/gnu tools arm embedded/4.7 2013q3/bin/../lib/gcc/arm-none-eabi/4.7.4/armv6-m\libgcc.a(_muldi3.o)
 .ARM.attributes
                0x0000048b       0x2c c:/program files (x86)/gnu tools arm embedded/4.7 2013q3/bin/../lib/gcc/arm-none-eabi/4.7.4/../../../../arm-none-eabi/lib/armv6-m\libc.a(lib_a-memcpy.o)
 .ARM.attributes
                0x000004b7       0x2c c:/program files (x86)/gnu tools arm embedded/4.7 2013q3/bin/../lib/gcc/arm-none-eabi/4.7.4/../../../../arm-none-eabi/lib/armv6-m\libc.a(lib_a-strcpy.o)
 .ARM.attributes
                0x000004e3       0x2c c:/program files (x86)/gnu tools arm embedded/4.7 2013q3/bin/../lib/gcc/arm-none-eabi/4.7.4/../../../../arm-none-eabi/lib/armv6-m\libc.a(lib_a-strlen.o)

.debug_frame    0x00000000     0x11b8
 .debug_frame   0x00000000       0xac airspy_m0.o
 .debug_frame   0x000000ac       0x3c airspy_rx.o
 .debug_frame   0x000000e8      0x374 airspy_usb_req.o
 .debug_frame   0x0000045c       0x30 usb_descriptor.o
 .debug_frame   0x0000048c      0x158 airspy_core.o
 .debug_frame   0x000005e4       0x60 fault_handler.o
 .debug_frame   0x00000644      0x148 si5351c.o
 .debug_frame   0x0000078c      0x228 r820t.o
 .debug_frame   0x000009b4      0x14c w25q80bv.o
 .debug_frame   0x00000b00       0x3c rom_iap.o
 .debug_frame   0x00000b3c      0x1cc usb.o
 .debug_frame   0x00000d08       0xbc usb_queue.o
 .debug_frame   0x00000dc4       0x70 usb_request.o
 .debug_frame   0x00000e34       0xc8 usb_standard_request.o
 .debug_frame   0x00000efc       0x20 ../libopencm3/lib\libopencm3_lpc43xx_m0.a(scu.o)
 .debug_frame   0x00000f1c       0xb0 ../libopencm3/lib\libopencm3_lpc43xx_m0.a(i2c.o)
 .debug_frame   0x00000fcc       0x68 ../libopencm3/lib\libopencm3_lpc43xx_m0.a(ssp.o)
 .debug_frame   0x00001034       0x40 ../libopencm3/lib\libopencm3_lpc43xx_m0.a(vector.o)
 .debug_frame   0x00001074       0x80 ../libopencm3/lib\libopencm3_lpc43xx_m0.a(nvic.o)
 .debug_frame   0x000010f4       0x20 c:/program files (x86)/gnu tools arm embedded/4.7 2013q3/bin/../lib/gcc/arm-none-eabi/4.7.4/armv6-m\libgcc.a(_udivsi3.o)
 .debug_frame   0x00001114       0x30 c:/program files (x86)/gnu tools arm embedded/4.7 2013q3/bin/../lib/gcc/arm-none-eabi/4.7.4/armv6-m\libgcc.a(_muldi3.o)
 .debug_frame   0x00001144       0x34 c:/program files (x86)/gnu tools arm embedded/4.7 2013q3/bin/../lib/gcc/arm-none-eabi/4.7.4/../../../../arm-none-eabi/lib/armv6-m\libc.a(lib_a-memcpy.o)
 .debug_frame   0x00001178       0x20 c:/program files (x86)/gnu tools arm embedded/4.7 2013q3/bin/../lib/gcc/arm-none-eabi/4.7.4/../../../../arm-none-eabi/lib/armv6-m\libc.a(lib_a-strcpy.o)
 .debug_frame   0x00001198       0x20 c:/program files (x86)/gnu tools arm embedded/4.7 2013q3/bin/../lib/gcc/arm-none-eabi/4.7.4/../../../../arm-none-eabi/lib/armv6-m\libc.a(lib_a-strlen.o)

.debug_macro    0x00000000     0x31e3
 .debug_macro   0x00000000       0x94 ../libopencm3/lib\libopencm3_lpc43xx_m0.a(scu.o)
 .debug_macro   0x00000094      0x7de ../libopencm3/lib\libopencm3_lpc43xx_m0.a(scu.o)
 .debug_macro   0x00000872       0x3a ../libopencm3/lib\libopencm3_lpc43xx_m0.a(scu.o)
 .debug_macro   0x000008ac       0x10 ../libopencm3/lib\libopencm3_lpc43xx_m0.a(scu.o)
 .debug_macro   0x000008bc       0x2e ../libopencm3/lib\libopencm3_lpc43xx_m0.a(scu.o)
 .debug_macro   0x000008ea       0xa2 ../libopencm3/lib\libopencm3_lpc43xx_m0.a(scu.o)
 .debug_macro   0x0000098c      0x20e ../libopencm3/lib\libopencm3_lpc43xx_m0.a(scu.o)
 .debug_macro   0x00000b9a       0x22 ../libopencm3/lib\libopencm3_lpc43xx_m0.a(scu.o)
 .debug_macro   0x00000bbc       0xfa ../libopencm3/lib\libopencm3_lpc43xx_m0.a(scu.o)
 .debug_macro   0x00000cb6      0x16f ../libopencm3/lib\libopencm3_lpc43xx_m0.a(scu.o)
 .debug_macro   0x00000e25      0x6db ../libopencm3/lib\libopencm3_lpc43xx_m0.a(scu.o)
 .debug_macro   0x00001500       0xb2 ../libopencm3/lib\libopencm3_lpc43xx_m0.a(i2c.o)
 .debug_macro   0x000015b2      0x180 ../libopencm3/lib\libopencm3_lpc43xx_m0.a(i2c.o)
 .debug_macro   0x00001732      0x6e1 ../libopencm3/lib\libopencm3_lpc43xx_m0.a(i2c.o)
 .debug_macro   0x00001e13      0xaca ../libopencm3/lib\libopencm3_lpc43xx_m0.a(i2c.o)
 .debug_macro   0x000028dd       0xa6 ../libopencm3/lib\libopencm3_lpc43xx_m0.a(ssp.o)
 .debug_macro   0x00002983       0xf5 ../libopencm3/lib\libopencm3_lpc43xx_m0.a(ssp.o)
 .debug_macro   0x00002a78      0x328 ../libopencm3/lib\libopencm3_lpc43xx_m0.a(ssp.o)
 .debug_macro   0x00002da0       0xc8 ../libopencm3/lib\libopencm3_lpc43xx_m0.a(vector.o)
 .debug_macro   0x00002e68       0x2e ../libopencm3/lib\libopencm3_lpc43xx_m0.a(vector.o)
 .debug_macro   0x00002e96       0x47 ../libopencm3/lib\libopencm3_lpc43xx_m0.a(vector.o)
 .debug_macro   0x00002edd       0xc4 ../libopencm3/lib\libopencm3_lpc43xx_m0.a(vector.o)
 .debug_macro   0x00002fa1       0xb5 ../libopencm3/lib\libopencm3_lpc43xx_m0.a(nvic.o)
 .debug_macro   0x00003056      0x18d ../libopencm3/lib\libopencm3_lpc43xx_m0.a(nvic.o)
